###############################################################################
#
# IAR ELF Linker V8.11.3.13950/W32 for ARM                16/Jun/2019  20:27:18
# Copyright 2007-2017 IAR Systems AB.
#
#    Output file  =  
#        D:\Smart Car Program\Software\EDD smart
#        car\V1.1\Prj\IAR\MK66FX18_Debug\Exe\vcan_Kinetis.out
#    Map file     =  
#        D:\Smart Car Program\Software\EDD smart
#        car\V1.1\Prj\IAR\MK66FX18_Debug\List\vcan_Kinetis.map
#    Command line =  
#        -f C:\Users\11192\AppData\Local\Temp\EW8CE6.tmp ("D:\Smart Car
#        Program\Software\EDD smart car\V1.1\Prj\IAR\MK66FX18_Debug\Obj\ADC.o"
#        "D:\Smart Car Program\Software\EDD smart
#        car\V1.1\Prj\IAR\MK66FX18_Debug\Obj\Beep.o" "D:\Smart Car
#        Program\Software\EDD smart
#        car\V1.1\Prj\IAR\MK66FX18_Debug\Obj\diskio.o" "D:\Smart Car
#        Program\Software\EDD smart car\V1.1\Prj\IAR\MK66FX18_Debug\Obj\ff.o"
#        "D:\Smart Car Program\Software\EDD smart
#        car\V1.1\Prj\IAR\MK66FX18_Debug\Obj\IIC.o" "D:\Smart Car
#        Program\Software\EDD smart car\V1.1\Prj\IAR\MK66FX18_Debug\Obj\key.o"
#        "D:\Smart Car Program\Software\EDD smart
#        car\V1.1\Prj\IAR\MK66FX18_Debug\Obj\main.o" "D:\Smart Car
#        Program\Software\EDD smart car\V1.1\Prj\IAR\MK66FX18_Debug\Obj\menu.o"
#        "D:\Smart Car Program\Software\EDD smart
#        car\V1.1\Prj\IAR\MK66FX18_Debug\Obj\misc.o" "D:\Smart Car
#        Program\Software\EDD smart
#        car\V1.1\Prj\IAR\MK66FX18_Debug\Obj\MK66_adc.o" "D:\Smart Car
#        Program\Software\EDD smart
#        car\V1.1\Prj\IAR\MK66FX18_Debug\Obj\MK66_conf.o" "D:\Smart Car
#        Program\Software\EDD smart
#        car\V1.1\Prj\IAR\MK66FX18_Debug\Obj\MK66_dma.o" "D:\Smart Car
#        Program\Software\EDD smart
#        car\V1.1\Prj\IAR\MK66FX18_Debug\Obj\MK66_flexbus.o" "D:\Smart Car
#        Program\Software\EDD smart
#        car\V1.1\Prj\IAR\MK66FX18_Debug\Obj\MK66_gpio.o" "D:\Smart Car
#        Program\Software\EDD smart
#        car\V1.1\Prj\IAR\MK66FX18_Debug\Obj\MK66_i2c.o" "D:\Smart Car
#        Program\Software\EDD smart
#        car\V1.1\Prj\IAR\MK66FX18_Debug\Obj\MK66_it.o" "D:\Smart Car
#        Program\Software\EDD smart
#        car\V1.1\Prj\IAR\MK66FX18_Debug\Obj\MK66_port.o" "D:\Smart Car
#        Program\Software\EDD smart
#        car\V1.1\Prj\IAR\MK66FX18_Debug\Obj\MK66_rtc.o" "D:\Smart Car
#        Program\Software\EDD smart
#        car\V1.1\Prj\IAR\MK66FX18_Debug\Obj\MK66_sdhc.o" "D:\Smart Car
#        Program\Software\EDD smart
#        car\V1.1\Prj\IAR\MK66FX18_Debug\Obj\MK66_spi.o" "D:\Smart Car
#        Program\Software\EDD smart
#        car\V1.1\Prj\IAR\MK66FX18_Debug\Obj\MK66_uart.o" "D:\Smart Car
#        Program\Software\EDD smart
#        car\V1.1\Prj\IAR\MK66FX18_Debug\Obj\MK66_wdog.o" "D:\Smart Car
#        Program\Software\EDD smart
#        car\V1.1\Prj\IAR\MK66FX18_Debug\Obj\Motor_ctrl.o" "D:\Smart Car
#        Program\Software\EDD smart car\V1.1\Prj\IAR\MK66FX18_Debug\Obj\OLED.o"
#        "D:\Smart Car Program\Software\EDD smart
#        car\V1.1\Prj\IAR\MK66FX18_Debug\Obj\Server_ctrl.o" "D:\Smart Car
#        Program\Software\EDD smart
#        car\V1.1\Prj\IAR\MK66FX18_Debug\Obj\startup_MK66FX18.o" "D:\Smart Car
#        Program\Software\EDD smart car\V1.1\Prj\IAR\MK66FX18_Debug\Obj\Stop.o"
#        "D:\Smart Car Program\Software\EDD smart
#        car\V1.1\Prj\IAR\MK66FX18_Debug\Obj\Superware.o" "D:\Smart Car
#        Program\Software\EDD smart
#        car\V1.1\Prj\IAR\MK66FX18_Debug\Obj\system_MK66FX18.o" "D:\Smart Car
#        Program\Software\EDD smart
#        car\V1.1\Prj\IAR\MK66FX18_Debug\Obj\VCAN_BMP.o" "D:\Smart Car
#        Program\Software\EDD smart
#        car\V1.1\Prj\IAR\MK66FX18_Debug\Obj\VCAN_computer.o" "D:\Smart Car
#        Program\Software\EDD smart
#        car\V1.1\Prj\IAR\MK66FX18_Debug\Obj\vcan_img2sd.o" "D:\Smart Car
#        Program\Software\EDD smart
#        car\V1.1\Prj\IAR\MK66FX18_Debug\Obj\VCAN_key.o" "D:\Smart Car
#        Program\Software\EDD smart
#        car\V1.1\Prj\IAR\MK66FX18_Debug\Obj\VCAN_key_event.o" "D:\Smart Car
#        Program\Software\EDD smart
#        car\V1.1\Prj\IAR\MK66FX18_Debug\Obj\VCAN_LCD_ILI9325.o" "D:\Smart Car
#        Program\Software\EDD smart
#        car\V1.1\Prj\IAR\MK66FX18_Debug\Obj\VCAN_LCD_ILI9341.o" "D:\Smart Car
#        Program\Software\EDD smart
#        car\V1.1\Prj\IAR\MK66FX18_Debug\Obj\VCAN_LCD_ST7735R.o" "D:\Smart Car
#        Program\Software\EDD smart
#        car\V1.1\Prj\IAR\MK66FX18_Debug\Obj\VCAN_LCD_ST7735S.o" "D:\Smart Car
#        Program\Software\EDD smart
#        car\V1.1\Prj\IAR\MK66FX18_Debug\Obj\VCAN_LED.o" "D:\Smart Car
#        Program\Software\EDD smart
#        car\V1.1\Prj\IAR\MK66FX18_Debug\Obj\VCAN_MMA7455.o" "D:\Smart Car
#        Program\Software\EDD smart
#        car\V1.1\Prj\IAR\MK66FX18_Debug\Obj\VCAN_NRF24L0.o" "D:\Smart Car
#        Program\Software\EDD smart
#        car\V1.1\Prj\IAR\MK66FX18_Debug\Obj\VCAN_NRF24L0_MSG.o" "D:\Smart Car
#        Program\Software\EDD smart
#        car\V1.1\Prj\IAR\MK66FX18_Debug\Obj\VCAN_OV7725_Eagle.o" "D:\Smart Car
#        Program\Software\EDD smart
#        car\V1.1\Prj\IAR\MK66FX18_Debug\Obj\VCAN_RTC_count.o" "D:\Smart Car
#        Program\Software\EDD smart
#        car\V1.1\Prj\IAR\MK66FX18_Debug\Obj\VCAN_SCCB.o" "D:\Smart Car
#        Program\Software\EDD smart
#        car\V1.1\Prj\IAR\MK66FX18_Debug\Obj\vcan_sd_app.o" "D:\Smart Car
#        Program\Software\EDD smart
#        car\V1.1\Prj\IAR\MK66FX18_Debug\Obj\Vcan_touch.o" "D:\Smart Car
#        Program\Software\EDD smart
#        car\V1.1\Prj\IAR\MK66FX18_Debug\Obj\VCAN_TSL1401.o" "D:\Smart Car
#        Program\Software\EDD smart
#        car\V1.1\Prj\IAR\MK66FX18_Debug\Obj\VCAN_UI_VAR.o" "D:\Smart Car
#        Program\Software\EDD smart
#        car\V1.1\Prj\IAR\MK66FX18_Debug\Obj\vectors.o" --redirect
#        _Printf=_PrintfLargeNoMb --redirect _Scanf=_ScanfLargeNoMb -o
#        "D:\Smart Car Program\Software\EDD smart
#        car\V1.1\Prj\IAR\MK66FX18_Debug\Exe\vcan_Kinetis.out" --map "D:\Smart
#        Car Program\Software\EDD smart
#        car\V1.1\Prj\IAR\MK66FX18_Debug\List\vcan_Kinetis.map" --config
#        "D:\Smart Car Program\Software\EDD smart car\V1.1\Prj\IAR\config
#        files\vcan_ROM_K66X1M.icf" "D:\Smart Car Program\Software\EDD smart
#        car\V1.1\Prj\IAR\..\..\Lib\CMSIS\iar_cortexM4l_math.a" --entry
#        __iar_program_start --redirect __write=__write_buffered --vfe
#        --text_out locale)
#
###############################################################################

*******************************************************************************
*** RUNTIME MODEL ATTRIBUTES
***

CppFlavor       = *
__Heap_Handler  = NoFree
__SystemLibrary = DLib
__dlib_version  = 6


*******************************************************************************
*** HEAP SELECTION
***

The no free heap was selected because no calls to memory
deallocation functions were found in the application.


*******************************************************************************
*** PLACEMENT SUMMARY
***

"A0":  place at 0x00010000 { ro section .intvec };
"A1":  place at 0x00010410 { ro section .noinit };
define block CodeRelocate { section .textrw_init };
"P1":  place in [from 0x00010000 to 0x00100000] { ro, block CodeRelocate };
define block CodeRelocateRam { section .textrw };
define block CSTACK with size = 4K, alignment = 8 { };
define block HEAP with size = 512, alignment = 8 { };
"P2":  place in [from 0x1fff0410 to 0x20030000] {
          rw, block CodeRelocateRam, block CSTACK, block HEAP };
initialize manually with packing = copy, complex ranges { section .data };

  Section              Kind        Address    Size  Object
  -------              ----        -------    ----  ------
"A0":                                        0x410
  .intvec              const    0x00010000   0x410  vectors.o [1]
                              - 0x00010410   0x410

"A1":                                          0x8
  .noinit              ro code  0x00010410     0x8  startup_MK66FX18.o [1]
                              - 0x00010418     0x8

"P1", part 1 of 2:                          0x5014
  .text                ro code  0x00010418   0xbe0  menu.o [1]
  .text                ro code  0x00010ff8     0x6  ABImemclr4.o [5]
  .rodata              const    0x00010ffe     0x2  VCAN_computer.o [1]
  .text                ro code  0x00011000   0x2aa  OLED.o [1]
  .rodata              const    0x000112aa     0x2  VCAN_computer.o [1]
  .text                ro code  0x000112ac    0x48  FltToDbl.o [4]
  .text                ro code  0x000112f4     0xe  math_wrappers64.o [4]
  .text                ro code  0x00011304    0x68  DblToFlt.o [4]
  .text                ro code  0x0001136c    0x4a  strcmp.o [5]
  .text                ro code  0x000113b8   0x2dc  ADC.o [1]
  .text                ro code  0x00011694    0x1a  U32ToDbl.o [4]
  .text                ro code  0x000116b0   0x246  DblDiv.o [4]
  .text                ro code  0x000118f8   0x10c  Superware.o [1]
  .text                ro code  0x00011a04    0x32  ABImemset48.o [5]
  .text                ro code  0x00011a38   0x4bc  IIC.o [1]
  .text                ro code  0x00011ef4   0x1c0  MK66_gpio.o [1]
  .rodata              const    0x000120b4    0x44  misc.o [1]
  .text                ro code  0x000120f8   0x590  strto64.o [4]
  .text                ro code  0x00012688    0x44  no_free_heap0.o [3]
  .text                ro code  0x000126cc     0x4  exit.o [3]
  .text                ro code  0x000126d0   0x29c  MK66_adc.o [1]
  .text                ro code  0x0001296c    0xbc  MK66_port.o [1]
  .text                ro code  0x00012a28    0x50  misc.o [1]
  .text                ro code  0x00012a78    0xd4  MK66_conf.o [1]
  .text                ro code  0x00012b4c    0x70  frexp.o [4]
  .text                ro code  0x00012bbc   0x1a2  DblMul.o [4]
  .text                ro code  0x00012d60   0x13a  ldexp.o [4]
  .text                ro code  0x00012e9a   0x122  iar_Stopfx.o [3]
  .text                ro code  0x00012fbc   0x1c8  iar_Stoflt.o [3]
  .text                ro code  0x00013184    0x22  S32ToDbl.o [4]
  .text                ro code  0x000131a8   0x178  DblAdd.o [4]
  .text                ro code  0x00013320   0x23c  iar_Stoxflt.o [3]
  .text                ro code  0x0001355c    0x2c  xgetmemchunk.o [3]
  .text                ro code  0x00013588     0xa  cexit.o [5]
  .text                ro code  0x00013594    0x70  VCAN_LED.o [1]
  .text                ro code  0x00013604   0x238  MK66_uart.o [1]
  .text                ro code  0x0001383c    0x14  isspace.o [3]
  .text                ro code  0x00013850    0x14  isalpha.o [3]
  .text                ro code  0x00013864    0x40  xlocale_c.o [3]
  .text                ro code  0x000138a4    0xe2  DblSub.o [4]
  .text                ro code  0x00013988    0x58  memchr.o [5]
  .text                ro code  0x000139e0     0xc  XXexit.o [5]
  .text                ro code  0x000139ec   0x540  Server_ctrl.o [1]
  .text                ro code  0x00013f2c     0x8  abs.o [3]
  .rodata              const    0x00013f34   0x400  OLED.o [1]
  .text                ro code  0x00014334   0x23c  main.o [1]
  .text                ro code  0x00014570   0x15c  key.o [1]
  .text                ro code  0x000146cc   0x1dc  Motor_ctrl.o [1]
  .text                ro code  0x000148a8    0x5c  Beep.o [1]
  .text                ro code  0x00014904   0x154  Stop.o [1]
  .text                ro code  0x00014a58    0x40  VCAN_computer.o [1]
  .text                ro code  0x00014a98    0x58  VCAN_key.o [1]
  .rodata              const    0x00014af0   0x228  OLED.o [1]
  .text                ro code  0x00014d18   0x12c  system_MK66FX18.o [1]
  .text                ro code  0x00014e44    0x40  MK66_wdog.o [1]
  .data_init                    0x00014e84    0xe4  <Block>
    Initializer bytes  const    0x00014e84    0xe4  <for .data-1>
  .rodata              const    0x00014f68    0xc0  menu.o [1]
  .rodata              const    0x00015028    0x48  MK66_adc.o [1]
  .rodata              const    0x00015070    0x48  MK66_gpio.o [1]
  .rodata              const    0x000150b8    0x48  MK66_uart.o [1]
  .text                ro code  0x00015100    0x40  zero_init3.o [5]
  .text                ro code  0x00015140    0x28  data_init.o [5]
  .rodata              const    0x00015168    0x24  MK66_conf.o [1]
  .text                ro code  0x0001518c    0x22  fpinit_M.o [4]
  .iar.init_table      const    0x000151b0    0x10  - Linker created -
  .text                ro code  0x000151c0    0x1a  cmain.o [5]
  .text                ro code  0x000151da     0x4  low_level_init.o [3]
  .rodata              const    0x000151e0    0x14  menu.o [1]
  .rodata              const    0x000151f4    0x10  menu.o [1]
  .rodata              const    0x00015204    0x10  menu.o [1]
  .rodata              const    0x00015214    0x10  menu.o [1]
  .rodata              const    0x00015224     0xc  key.o [1]
  .rodata              const    0x00015230     0xc  menu.o [1]
  .rodata              const    0x0001523c     0xc  menu.o [1]
  .rodata              const    0x00015248     0xc  menu.o [1]
  .rodata              const    0x00015254     0xc  menu.o [1]
  .rodata              const    0x00015260     0xc  menu.o [1]
  .rodata              const    0x0001526c     0xc  menu.o [1]
  .rodata              const    0x00015278     0xc  menu.o [1]
  .rodata              const    0x00015284     0xc  menu.o [1]
  .rodata              const    0x00015290     0xc  menu.o [1]
  .rodata              const    0x0001529c     0xc  menu.o [1]
  .rodata              const    0x000152a8     0xc  menu.o [1]
  .rodata              const    0x000152b4     0xc  menu.o [1]
  .rodata              const    0x000152c0     0xc  menu.o [1]
  .rodata              const    0x000152cc     0xc  menu.o [1]
  .rodata              const    0x000152d8     0xc  menu.o [1]
  .rodata              const    0x000152e4     0xc  menu.o [1]
  .rodata              const    0x000152f0     0xc  menu.o [1]
  .rodata              const    0x000152fc     0xc  menu.o [1]
  .rodata              const    0x00015308     0xc  menu.o [1]
  .rodata              const    0x00015314     0xc  menu.o [1]
  .rodata              const    0x00015320     0xc  menu.o [1]
  .rodata              const    0x0001532c     0xc  menu.o [1]
  .rodata              const    0x00015338     0xc  menu.o [1]
  .rodata              const    0x00015344     0xc  menu.o [1]
  .rodata              const    0x00015350     0xc  menu.o [1]
  .rodata              const    0x0001535c     0xc  menu.o [1]
  .rodata              const    0x00015368     0xc  MK66_conf.o [1]
  .text                ro code  0x00015374     0xc  cstartup_M.o [5]
  .rodata              const    0x00015380     0x8  menu.o [1]
  .rodata              const    0x00015388     0x8  menu.o [1]
  .rodata              const    0x00015390     0x8  menu.o [1]
  .rodata              const    0x00015398     0x8  menu.o [1]
  .rodata              const    0x000153a0     0x8  menu.o [1]
  .rodata              const    0x000153a8     0x8  menu.o [1]
  .rodata              const    0x000153b0     0x8  menu.o [1]
  .rodata              const    0x000153b8     0x8  menu.o [1]
  .rodata              const    0x000153c0     0x8  menu.o [1]
  .rodata              const    0x000153c8     0x8  menu.o [1]
  .rodata              const    0x000153d0     0x8  menu.o [1]
  .rodata              const    0x000153d8     0x8  menu.o [1]
  .rodata              const    0x000153e0     0x8  menu.o [1]
  .rodata              const    0x000153e8     0x8  menu.o [1]
  .rodata              const    0x000153f0     0x8  menu.o [1]
  .rodata              const    0x000153f8     0x8  menu.o [1]
  .rodata              const    0x00015400     0x8  menu.o [1]
  .rodata              const    0x00015408     0x8  menu.o [1]
  .rodata              const    0x00015410     0x8  menu.o [1]
  .rodata              const    0x00015418     0x8  menu.o [1]
  .rodata              const    0x00015420     0x6  xlocale_c.o [3]
  .rodata              const    0x00015428     0x4  menu.o [1]
  .rodata              const    0x0001542c     0x0  zero_init3.o [5]
                              - 0x0001542c  0x5014

"P1", part 2 of 2:                             0x0
  CodeRelocate                  0x0001542c     0x0  <Block>

"P2", part 1 of 3:                            0xe4
  .data                         0x1fff0410    0xe4  <Block>
    .data-1                     0x1fff0410    0xe4  <Init block>
      .data            inited   0x1fff0410    0x14  ADC.o [1]
      .data            inited   0x1fff0424     0x8  MK66_adc.o [1]
      .data            inited   0x1fff042c    0x14  MK66_gpio.o [1]
      .data            inited   0x1fff0440    0x14  MK66_port.o [1]
      .data            inited   0x1fff0454    0x14  MK66_uart.o [1]
      .data            inited   0x1fff0468     0x8  VCAN_key.o [1]
      .data            inited   0x1fff0470     0x4  VCAN_LED.o [1]
      .data            inited   0x1fff0474    0x38  xlocale_c.o [3]
      .data            inited   0x1fff04ac    0x48  xlocale_c.o [3]
                              - 0x1fff04f4    0xe4

"P2", part 2 of 3:                           0x11c
  .bss                          0x1fff04f4   0x11c  <Block>
    .bss               zero     0x1fff04f4    0x60  ADC.o [1]
    .bss               zero     0x1fff0554    0x20  main.o [1]
    .bss               zero     0x1fff0574     0xc  menu.o [1]
    .bss               zero     0x1fff0580    0x2c  Motor_ctrl.o [1]
    .bss               zero     0x1fff05ac     0x4  Motor_ctrl.o [1]
    .bss               zero     0x1fff05b0    0x2c  Server_ctrl.o [1]
    .bss               zero     0x1fff05dc     0x4  system_MK66FX18.o [1]
    .bss               zero     0x1fff05e0     0x4  system_MK66FX18.o [1]
    .bss               zero     0x1fff05e4     0x4  system_MK66FX18.o [1]
    .bss               zero     0x1fff05e8     0x4  no_free_heap0.o [3]
    .bss               zero     0x1fff05ec     0x4  xgetmemchunk.o [3]
    .bss               zero     0x1fff05f0     0x2  ADC.o [1]
    .bss               zero     0x1fff05f2     0x2  ADC.o [1]
    .bss               zero     0x1fff05f4     0x2  ADC.o [1]
    .bss               zero     0x1fff05f6     0x2  ADC.o [1]
    .bss               zero     0x1fff05f8     0x2  ADC.o [1]
    .bss               zero     0x1fff05fa     0x2  ADC.o [1]
    .bss               zero     0x1fff05fc     0x2  ADC.o [1]
    .bss               zero     0x1fff05fe     0x2  ADC.o [1]
    .bss               zero     0x1fff0600     0x2  key.o [1]
    .bss               zero     0x1fff0602     0x2  Superware.o [1]
    .bss               zero     0x1fff0604     0x1  Beep.o [1]
    .bss               zero     0x1fff0605     0x1  main.o [1]
    .bss               zero     0x1fff0606     0x1  main.o [1]
    .bss               zero     0x1fff0607     0x1  main.o [1]
    .bss               zero     0x1fff0608     0x1  main.o [1]
    .bss               zero     0x1fff0609     0x1  menu.o [1]
    .bss               zero     0x1fff060a     0x1  Motor_ctrl.o [1]
    .bss               zero     0x1fff060b     0x1  Server_ctrl.o [1]
    .bss               zero     0x1fff060c     0x1  Server_ctrl.o [1]
    .bss               zero     0x1fff060d     0x1  Server_ctrl.o [1]
    .bss               zero     0x1fff060e     0x1  Superware.o [1]
                              - 0x1fff0610   0x11c

"P2", part 3 of 3:                           0x200
  CodeRelocateRam               0x1fff0610     0x0  <Block>
  HEAP                          0x1fff0610   0x200  <Block>
    HEAP               uninit   0x1fff0610   0x200  <Block tail>
                              - 0x1fff0810   0x200


*******************************************************************************
*** INIT TABLE
***

          Address     Size
          -------     ----
Zero (__iar_zero_init3)
    1 destination range, total size 0x11b:
          0x1fff04f4  0x11b



*******************************************************************************
*** MODULE SUMMARY
***

    Module              ro code  ro data  rw data
    ------              -------  -------  -------
D:\Smart Car Program\Software\EDD smart car\V1.1\Prj\IAR\MK66FX18_Debug\Obj: [1]
    ADC.o                   732       20      132
    Beep.o                   92                 1
    IIC.o                 1 212
    MK66_adc.o              668       80        8
    MK66_conf.o             212       48
    MK66_gpio.o             448       92       20
    MK66_port.o             188       20       20
    MK66_uart.o             568       92       20
    MK66_wdog.o              64
    Motor_ctrl.o            476                49
    OLED.o                  682    1 576
    Server_ctrl.o         1 344                47
    Stop.o                  340
    Superware.o             268                 3
    VCAN_LED.o              112        4        4
    VCAN_computer.o          64        4
    VCAN_key.o               88        8        8
    key.o                   348       12        2
    main.o                  572                36
    menu.o                3 040      736       13
    misc.o                   80       68
    startup_MK66FX18.o        8
    system_MK66FX18.o       300                12
    vectors.o                      1 040
    ---------------------------------------------
    Total:               11 906    3 800      375

command line: [2]
    ---------------------------------------------
    Total:

dl7M_tlf.a: [3]
    abs.o                     8
    exit.o                    4
    iar_Stoflt.o            456
    iar_Stopfx.o            290
    iar_Stoxflt.o           572
    isalpha.o                20
    isspace.o                20
    low_level_init.o          4
    no_free_heap0.o          68                 4
    xgetmemchunk.o           44                 4
    xlocale_c.o              64      134      128
    ---------------------------------------------
    Total:                1 550      134      136

m7M_tls.a: [4]
    DblAdd.o                376
    DblDiv.o                582
    DblMul.o                418
    DblSub.o                226
    DblToFlt.o              104
    FltToDbl.o               72
    S32ToDbl.o               34
    U32ToDbl.o               26
    fpinit_M.o               34
    frexp.o                 112
    ldexp.o                 314
    math_wrappers64.o        14
    strto64.o             1 424
    ---------------------------------------------
    Total:                3 736

rt7M_tl.a: [5]
    ABImemclr4.o              6
    ABImemset48.o            50
    XXexit.o                 12
    cexit.o                  10
    cmain.o                  26
    cstartup_M.o             12
    data_init.o              40
    memchr.o                 88
    strcmp.o                 74
    zero_init3.o             64
    ---------------------------------------------
    Total:                  382

    Gaps                     18        6
    Linker created                    16      512
-------------------------------------------------
    Grand Total:         17 592    3 956    1 023


*******************************************************************************
*** ENTRY LIST
***

Entry                      Address   Size  Type      Object
-----                      -------   ----  ----      ------
.bss$$Base              0x1fff04f4          --   Gb  - Linker created -
.bss$$Limit             0x1fff0610          --   Gb  - Linker created -
.data$$Base             0x1fff0410          --   Gb  - Linker created -
.data$$Limit            0x1fff04f4          --   Gb  - Linker created -
.data_init$$Base        0x00014e84          --   Gb  - Linker created -
.data_init$$Limit       0x00014f68          --   Gb  - Linker created -
.iar.init_table$$Base   0x000151b0          --   Gb  - Linker created -
.iar.init_table$$Limit  0x000151c0          --   Gb  - Linker created -
?main                   0x000151c1         Code  Gb  cmain.o [5]
ADCN                    0x1fff0424    0x8  Data  Gb  MK66_adc.o [1]
ADC_Init                0x000114e9   0x50  Code  Gb  ADC.o [1]
AD_Stop_Init            0x00014941   0x32  Code  Gb  Stop.o [1]
ASSERT_FAILED_STR       0x00015168   0x24  Data  Gb  MK66_conf.o [1]
Add_Value               0x00011465   0x16  Code  Gb  ADC.o [1]
Beep                    0x000148cf   0x2e  Code  Gb  Beep.o [1]
Beep_Init               0x000148a9    0xe  Code  Gb  Beep.o [1]
Beep_Start              0x000148b7    0xc  Code  Gb  Beep.o [1]
Beep_Stop               0x000148c3    0xc  Code  Gb  Beep.o [1]
Change_Level            0x00010831   0x36  Code  Gb  menu.o [1]
Chose_Menu              0x00010681   0x46  Code  Lc  menu.o [1]
CodeRelocate$$Base      0x0001542c          --   Gb  - Linker created -
CodeRelocate$$Limit     0x0001542c          --   Gb  - Linker created -
CodeRelocateRam$$Base   0x1fff0610          --   Gb  - Linker created -
CodeRelocateRam$$Limit  0x1fff0610          --   Gb  - Linker created -
DeQueue                 0x0001143d   0x28  Code  Gb  ADC.o [1]
Dtentox                 0x000122ad  0x196  Code  Lc  strto64.o [4]
Empty                   0x00010449    0x2  Code  Gb  menu.o [1]
EnQueue                 0x0001140b   0x32  Code  Gb  ADC.o [1]
Encoder_init            0x0001479f   0x12  Code  Gb  Motor_ctrl.o [1]
Exe_Fuc                 0x00010767   0xb2  Code  Lc  menu.o [1]
F6x8                    0x00014af0  0x228  Data  Gb  OLED.o [1]
GPIOX                   0x1fff042c   0x14  Data  Gb  MK66_gpio.o [1]
Get_Deep                0x0001044b   0x64  Code  Lc  menu.o [1]
Get_Direction_Error     0x00013b8f   0x44  Code  Gb  Server_ctrl.o [1]
Get_Keynum              0x00014603   0x4c  Code  Gb  key.o [1]
Get_Level_Num           0x000104af   0x50  Code  Lc  menu.o [1]
Get_Menu_Num            0x000104ff    0xa  Code  Lc  menu.o [1]
Get_Ntimes_average      0x00011539   0x3c  Code  Gb  ADC.o [1]
Get_Smoothed_ADC        0x00011575   0x84  Code  Gb  ADC.o [1]
Get_Speed               0x000147b1   0x50  Code  Gb  Motor_ctrl.o [1]
Get_Status              0x00013b1d   0x72  Code  Gb  Server_ctrl.o [1]
Get_Value_Sum           0x0001148f   0x5a  Code  Gb  ADC.o [1]
HEAP$$Base              0x1fff0610          --   Gb  - Linker created -
HEAP$$Limit             0x1fff0810          --   Gb  - Linker created -
IIC_Ack                 0x00011c3f   0xb2  Code  Gb  IIC.o [1]
IIC_read_byte           0x00011df1   0xfc  Code  Gb  IIC.o [1]
IIC_send_byte           0x00011cf1  0x100  Code  Gb  IIC.o [1]
IIC_start               0x00011a9f   0xba  Code  Gb  IIC.o [1]
IIC_stop                0x00011b59   0xe6  Code  Gb  IIC.o [1]
IMU_IIC_Init            0x00011a49   0x56  Code  Gb  IIC.o [1]
InitQueue               0x000113b9   0x24  Code  Gb  ADC.o [1]
Inner_Flash             0x000109b3   0xb8  Code  Gb  menu.o [1]
IsEmpty                 0x000113fd    0xe  Code  Gb  ADC.o [1]
IsFull                  0x000113dd   0x20  Code  Gb  ADC.o [1]
KEY_PTxn                0x1fff0468    0x8  Data  Gb  VCAN_key.o [1]
Key_Handler             0x0001469d   0x12  Code  Gb  key.o [1]
Key_Init                0x00014587   0x54  Code  Gb  key.o [1]
Key_Read                0x0001464f   0x34  Code  Gb  key.o [1]
Key_Write               0x000145db   0x28  Code  Gb  key.o [1]
LED_PTxn                0x1fff0470    0x4  Data  Gb  VCAN_LED.o [1]
LM_AD                   0x1fff05f8    0x2  Data  Gb  ADC.o [1]
LS_AD                   0x1fff05f4    0x2  Data  Gb  ADC.o [1]
L_AD                    0x1fff05f0    0x2  Data  Gb  ADC.o [1]
MS_AD                   0x1fff05fe    0x2  Data  Gb  ADC.o [1]
M_AD                    0x1fff05fc    0x2  Data  Gb  ADC.o [1]
Menu_Back               0x000105b9   0x3e  Code  Lc  menu.o [1]
Menu_Down               0x000105f7   0x48  Code  Lc  menu.o [1]
Menu_Forward            0x00010509   0xb0  Code  Lc  menu.o [1]
Menu_Init               0x00010819   0x18  Code  Gb  menu.o [1]
Menu_Up                 0x0001063f   0x42  Code  Lc  menu.o [1]
Motor                   0x1fff0580   0x2c  Data  Gb  Motor_ctrl.o [1]
Motor_Init              0x000146cd   0x40  Code  Gb  Motor_ctrl.o [1]
Motor_Run               0x0001470d   0x92  Code  Gb  Motor_ctrl.o [1]
NVIC_DisableIRQ         0x00010431   0x18  Code  Lc  menu.o [1]
NVIC_EnableIRQ          0x00014571   0x16  Code  Lc  key.o [1]
NVIC_EnableIRQ          0x00014351   0x16  Code  Lc  main.o [1]
NVIC_EnableIRQ          0x00010419   0x18  Code  Lc  menu.o [1]
NVIC_EnableIRQ          0x00014905   0x16  Code  Lc  Stop.o [1]
NVIC_EnableIRQ          0x000118f9   0x16  Code  Lc  Superware.o [1]
NVIC_SetPriority        0x00014367   0x26  Code  Lc  main.o [1]
NVIC_SetPriority        0x0001491b   0x26  Code  Lc  Stop.o [1]
NVIC_SetPriority        0x0001190f   0x26  Code  Lc  Superware.o [1]
NVIC_SetPriorityGrouping
                        0x00014335   0x1c  Code  Lc  main.o [1]
Normal_Run              0x00013bd3   0xcc  Code  Gb  Server_ctrl.o [1]
OLED_CLS                0x000110f3   0x3a  Code  Gb  OLED.o [1]
OLED_Fill               0x000110b5   0x3e  Code  Gb  OLED.o [1]
OLED_IIC_Init           0x00011001   0x2c  Code  Gb  OLED.o [1]
OLED_Init               0x0001112d   0xba  Code  Gb  OLED.o [1]
OLED_P6x8Str            0x000111e7   0x7c  Code  Gb  OLED.o [1]
OLED_Set_Pos            0x00011085   0x30  Code  Gb  OLED.o [1]
OLED_Show_Length        0x0001126d   0x3e  Code  Gb  OLED.o [1]
OLED_WrCmd              0x00011059   0x2c  Code  Gb  OLED.o [1]
OLED_WrDat              0x0001102d   0x2c  Code  Gb  OLED.o [1]
PID_Init                0x000139ed   0x44  Code  Gb  Server_ctrl.o [1]
PIT0_IRQHandler         0x00014479   0x5a  Code  Gb  main.o [1]
PIT1_IRQHandler         0x000144d5   0x36  Code  Gb  main.o [1]
PIT2_IRQHandler         0x000149b1   0x8e  Code  Gb  Stop.o [1]
PORTC_IRQHandler        0x00011999   0x4c  Code  Gb  Superware.o [1]
PORTC_IRQHandler::flag  0x1fff060e    0x1  Data  Lc  Superware.o [1]
PORTD_IRQHandler        0x0001450d   0x28  Code  Gb  main.o [1]
PORTE_IRQHandler        0x00014685   0x18  Code  Gb  key.o [1]
PORTX                   0x1fff0440   0x14  Data  Gb  MK66_port.o [1]
Parameter_Manage        0x00010a75  0x142  Code  Gb  menu.o [1]
QueueLength             0x0001147b   0x14  Code  Gb  ADC.o [1]
RM_AD                   0x1fff05fa    0x2  Data  Gb  ADC.o [1]
RS_AD                   0x1fff05f6    0x2  Data  Gb  ADC.o [1]
R_AD                    0x1fff05f2    0x2  Data  Gb  ADC.o [1]
Read_ADC                0x000115f9   0x5c  Code  Gb  ADC.o [1]
Region$$Table$$Base     0x000151b0          --   Gb  - Linker created -
Region$$Table$$Limit    0x000151c0          --   Gb  - Linker created -
Reset_Handler           0x00010411         Code  Gb  startup_MK66FX18.o [1]
Run_In_Annulus          0x00013cb1  0x140  Code  Gb  Server_ctrl.o [1]
Run_In_Annulus::annulus_direction
                        0x1fff060d    0x1  Data  Lc  Server_ctrl.o [1]
Run_In_Right_angle      0x00013df1   0xd2  Code  Gb  Server_ctrl.o [1]
Run_status              0x1fff060c    0x1  Data  Gb  Server_ctrl.o [1]
Server                  0x1fff05b0   0x2c  Data  Gb  Server_ctrl.o [1]
Server_Init             0x00013a31   0x20  Code  Gb  Server_ctrl.o [1]
Server_PID_Ctrl         0x00013ab1   0x6c  Code  Gb  Server_ctrl.o [1]
Server_Run              0x00013a51   0x60  Code  Gb  Server_ctrl.o [1]
Set_Parameter           0x00010867  0x14c  Code  Gb  menu.o [1]
Set_Parameter::count    0x1fff0609    0x1  Data  Lc  menu.o [1]
Set_Pid                 0x00010dff   0xb6  Code  Gb  menu.o [1]
Show_AD                 0x00010bb7  0x158  Code  Gb  menu.o [1]
Show_Distance           0x00010eb5   0x48  Code  Gb  menu.o [1]
Show_Menu               0x000106c7   0xa0  Code  Lc  menu.o [1]
Show_Pid                0x00010d0f   0xf0  Code  Gb  menu.o [1]
Speed_PID_Ctrl          0x00014801   0x72  Code  Gb  Motor_ctrl.o [1]
StopFlag                0x1fff0605    0x1  Data  Gb  main.o [1]
StopFlag1               0x1fff0606    0x1  Data  Gb  main.o [1]
Superware_Get_Distance  0x0001196d   0x2a  Code  Gb  Superware.o [1]
Superware_Init          0x00011935   0x38  Code  Gb  Superware.o [1]
System_Init             0x0001438d   0xd2  Code  Gb  main.o [1]
TimeCount1              0x1fff0607    0x1  Data  Gb  main.o [1]
TimeCount2              0x1fff0608    0x1  Data  Gb  main.o [1]
UARTN                   0x1fff0454   0x14  Data  Gb  MK66_uart.o [1]
UP_Value                0x1fff0554   0x20  Data  Gb  main.o [1]
Value                   0x1fff04f4   0x60  Data  Gb  ADC.o [1]
_LocaleC_isalpha        0x0001386b    0xc  Code  Gb  xlocale_c.o [3]
_LocaleC_islower        0x00013865    0x4  Code  Gb  xlocale_c.o [3]
_LocaleC_isspace        0x00013881   0x14  Code  Gb  xlocale_c.o [3]
_LocaleC_isupper        0x00013869    0x2  Code  Gb  xlocale_c.o [3]
_Locale_lconv           0x1fff0474   0x38  Data  Lc  xlocale_c.o [3]
__BOOT_STACK_ADDRESS {Abs}
                        0x2002fff8         Data  Gb  command line/config [2]
__VECTOR_RAM {Abs}      0x1fff0000         Data  Gb  command line/config [2]
__VECTOR_TABLE {Abs}    0x00010000         Data  Gb  command line/config [2]
__aeabi_d2f             0x00011305         Code  Gb  DblToFlt.o [4]
__aeabi_dadd            0x000131a9         Code  Gb  DblAdd.o [4]
__aeabi_ddiv            0x000116b1         Code  Gb  DblDiv.o [4]
__aeabi_dmul            0x00012bbd         Code  Gb  DblMul.o [4]
__aeabi_dsub            0x000138a5         Code  Gb  DblSub.o [4]
__aeabi_f2d             0x000112ad         Code  Gb  FltToDbl.o [4]
__aeabi_i2d             0x00013185         Code  Gb  S32ToDbl.o [4]
__aeabi_memclr4         0x00010ff9         Code  Gb  ABImemclr4.o [5]
__aeabi_ui2d            0x00011695         Code  Gb  U32ToDbl.o [4]
__cmain                 0x000151c1         Code  Gb  cmain.o [5]
__code_start__ {Abs}    0x00010410         Data  Gb  command line/config [2]
__data_GetMemChunk      0x0001355d   0x2c  Code  Gb  xgetmemchunk.o [3]
__data_GetMemChunk::start
                        0x1fff05ec    0x4  Data  Lc  xgetmemchunk.o [3]
__exit                  0x000139e1         Code  Gb  XXexit.o [5]
__iar_Memchr            0x00013989         Code  Gb  memchr.o [5]
__iar_Memset4_word      0x00011a05         Code  Gb  ABImemset48.o [5]
__iar_Memset8_word      0x00011a05         Code  Gb  ABImemset48.o [5]
__iar_Sto64             0x00012455  0x19e  Code  Gb  strto64.o [4]
__iar_Stoflt            0x00012fbd  0x1c8  Code  Gb  iar_Stoflt.o [3]
__iar_Stopfx            0x00012e9b  0x122  Code  Gb  iar_Stopfx.o [3]
__iar_Stoxflt           0x00013321  0x208  Code  Gb  iar_Stoxflt.o [3]
__iar_Stoxflt::digits   0x0001352c   0x18  Data  Lc  iar_Stoxflt.o [3]
__iar_Stoxflt::vals     0x00013544   0x18  Data  Lc  iar_Stoxflt.o [3]
__iar_dadd              0x000138b5         Code  Gb  DblSub.o [4]
__iar_data_init3        0x00015141   0x28  Code  Gb  data_init.o [5]
__iar_dsub              0x000131b9         Code  Gb  DblAdd.o [4]
__iar_dsubStart         0x000131cb         Code  Gb  DblAdd.o [4]
__iar_frexp             0x00012b59         Code  Gb  frexp.o [4]
__iar_frexpl            0x00012b59         Code  Gb  frexp.o [4]
__iar_globLocale        0x1fff04ac   0x48  Data  Lc  xlocale_c.o [3]
__iar_global_Locale     0x00013895    0x4  Code  Gb  xlocale_c.o [3]
__iar_init_vfp          0x0001518d         Code  Gb  fpinit_M.o [4]
__iar_ldexp64           0x00012d61         Code  Gb  ldexp.o [4]
__iar_program_start     0x00015375         Code  Gb  cstartup_M.o [5]
__iar_scalbln64         0x00012d61         Code  Gb  ldexp.o [4]
__iar_scalbn64          0x00012d61         Code  Gb  ldexp.o [4]
__iar_softfp___iar_frexp64
                        0x00012b4d         Code  Gb  frexp.o [4]
__iar_softfp_frexp      0x00012b4d         Code  Gb  frexp.o [4]
__iar_softfp_frexpl     0x00012b4d         Code  Gb  frexp.o [4]
__iar_systems$$module {Abs}
                        0x00000001         Data  Gb  command line/config [2]
__iar_vfp_atof          0x000112fb    0x8  Code  Gb  math_wrappers64.o [4]
__iar_zero_init3        0x00015101   0x40  Code  Gb  zero_init3.o [5]
__low_level_init        0x000151db    0x4  Code  Gb  low_level_init.o [3]
__no_free_malloc        0x00012689   0x40  Code  Gb  no_free_heap0.o [3]
__vector_table          0x00010000  0x410  Data  Gb  vectors.o [1]
_call_main              0x000151cd         Code  Gb  cmain.o [5]
_exit                   0x00013589         Code  Gb  cexit.o [5]
_main                   0x000151d7         Code  Gb  cmain.o [5]
abs                     0x00013f2d    0x8  Code  Gb  abs.o [3]
adc_ave                 0x00014973   0x3e  Code  Gb  Stop.o [1]
adc_init                0x000126d1  0x1f4  Code  Gb  MK66_adc.o [1]
adc_once                0x000128c5   0x4e  Code  Gb  MK66_adc.o [1]
adc_start               0x00012913   0x46  Code  Lc  MK66_adc.o [1]
assert_failed           0x00012abb   0x2c  Code  Gb  MK66_conf.o [1]
atof                    0x00012639    0x8  Code  Gb  strto64.o [4]
beep_on                 0x1fff0604    0x1  Data  Gb  Beep.o [1]
bus_clk_khz             0x1fff05e4    0x4  Data  Gb  system_MK66FX18.o [1]
common_startup          0x00014d7d   0x8a  Code  Gb  system_MK66FX18.o [1]
core_clk_khz            0x1fff05dc    0x4  Data  Gb  system_MK66FX18.o [1]
core_clk_mhz            0x1fff05e0    0x4  Data  Gb  system_MK66FX18.o [1]
ddiv                    0x000121cd   0xd0  Code  Lc  strto64.o [4]
default_isr             0x00012afd   0x3e  Code  Gb  MK66_conf.o [1]
distance                0x1fff0602    0x2  Data  Gb  Superware.o [1]
dmul                    0x000120f9   0xd2  Code  Lc  strto64.o [4]
enter_fputc             0x00012ae9   0x14  Code  Gb  MK66_conf.o [1]
exit                    0x000126cd    0x4  Code  Gb  exit.o [3]
gpio_get                0x0001206b   0x3e  Code  Gb  MK66_gpio.o [1]
gpio_init               0x00011ef5   0xbe  Code  Gb  MK66_gpio.o [1]
gpio_set                0x00011fb3   0x7c  Code  Gb  MK66_gpio.o [1]
gpio_turn               0x0001202f   0x3c  Code  Gb  MK66_gpio.o [1]
house                   0x00013f34  0x400  Data  Gb  OLED.o [1]
isalpha                 0x00013851   0x14  Code  Gb  isalpha.o [3]
isspace                 0x0001383d   0x14  Code  Gb  isspace.o [3]
key                     0x1fff0600    0x2  Data  Gb  key.o [1]
key_init                0x00014a99   0x52  Code  Gb  VCAN_key.o [1]
ldexp                   0x00012d61         Code  Gb  ldexp.o [4]
ldexpl                  0x00012d61         Code  Gb  ldexp.o [4]
led_init                0x00013595   0x3a  Code  Gb  VCAN_LED.o [1]
led_turn                0x000135cf   0x32  Code  Gb  VCAN_LED.o [1]
localeconv              0x00013899    0x4  Code  Gb  xlocale_c.o [3]
lock_status_flag        0x1fff060b    0x1  Data  Gb  Server_ctrl.o [1]
main                    0x0001445f   0x1a  Code  Gb  main.o [1]
memchr                  0x00013989         Code  Gb  memchr.o [5]
menu_op                 0x1fff0574    0xc  Data  Gb  menu.o [1]
menus                   0x00014f68   0xc0  Data  Gb  menu.o [1]
nops                    0x00011a39   0x10  Code  Lc  IIC.o [1]
port_init               0x0001296d   0x4a  Code  Gb  MK66_port.o [1]
port_init_NoALT         0x000129b7   0x6a  Code  Gb  MK66_port.o [1]
pows                    0x00012640   0x48  Data  Lc  strto64.o [4]
qs                      0x1fff05e8    0x4  Data  Lc  no_free_heap0.o [3]
scalbln                 0x00012d61         Code  Gb  ldexp.o [4]
scalblnl                0x00012d61         Code  Gb  ldexp.o [4]
scalbn                  0x00012d61         Code  Gb  ldexp.o [4]
scalbnl                 0x00012d61         Code  Gb  ldexp.o [4]
set_vector_handler      0x00012a4b   0x22  Code  Gb  misc.o [1]
soft_delay_ms           0x00012a9d   0x1e  Code  Gb  MK66_conf.o [1]
soft_delay_us           0x00012a79   0x24  Code  Gb  MK66_conf.o [1]
start                   0x00014d19   0x20  Code  Gb  system_MK66FX18.o [1]
strcmp                  0x0001136d         Code  Gb  strcmp.o [5]
sysinit                 0x00014d39   0x44  Code  Gb  system_MK66FX18.o [1]
uart_init               0x00013605  0x1de  Code  Gb  MK66_uart.o [1]
uart_putbuff            0x000137fd   0x26  Code  Gb  MK66_uart.o [1]
uart_putchar            0x000137e3   0x1a  Code  Gb  MK66_uart.o [1]
vcan_sendware           0x00014a59   0x38  Code  Gb  VCAN_computer.o [1]
viameter                0x1fff05ac    0x4  Data  Gb  Motor_ctrl.o [1]
viameter_on_flag        0x1fff060a    0x1  Data  Gb  Motor_ctrl.o [1]
wdog_disable            0x00014e45   0x16  Code  Gb  MK66_wdog.o [1]
wdog_unlock             0x00014e5b   0x20  Code  Lc  MK66_wdog.o [1]
weight                  0x1fff0410   0x14  Data  Gb  ADC.o [1]
write_vtor              0x00012a29   0x22  Code  Gb  misc.o [1]


[1] = D:\Smart Car Program\Software\EDD smart car\V1.1\Prj\IAR\MK66FX18_Debug\Obj
[2] = command line
[3] = dl7M_tlf.a
[4] = m7M_tls.a
[5] = rt7M_tl.a

  17 592 bytes of readonly  code memory
   3 956 bytes of readonly  data memory
   1 023 bytes of readwrite data memory

Errors: none
Warnings: none
